../Src/main.c:139:5:main	64	static
../Src/main.c:248:6:SystemClock_Config	88	static
../Src/main.c:294:6:HAL_UART_RxCpltCallback	24	static
../Src/main.c:423:6:MotorSetPWM	16	static
../Src/main.c:454:6:Reset_Enc1	4	static
../Src/main.c:461:6:Reset_Enc2	4	static
../Src/main.c:469:6:Reset_Enc	8	static
../Src/main.c:477:8:errorMapping	24	static
../Src/main.c:504:6:calibrateLineSensor	8	static
../Src/main.c:529:6:runCapture	48	static
../Src/main.c:611:6:HAL_TIM_PeriodElapsedCallback	16	static
../Src/main.c:673:6:Error_Handler	4	static,ignoring_inline_asm
